<?xml version="1.0" encoding="UTF-8"?>
<testsuites name="Mocha Tests" time="5.251" tests="1" failures="0">
  <testsuite name="Root Suite" timestamp="2025-03-13T01:27:16" tests="0" file="cypress\e2e\login\realizaCompraTeste.cy.js" time="0.000" failures="0">
  </testsuite>
  <testsuite name="testes no site saucedemo" timestamp="2025-03-13T01:27:16" tests="1" time="5.247" failures="0">
    <testcase name="testes no site saucedemo Realiza login, valida itens no carrinho, preenche checkout, finaliza compra e valida confirmação" time="4.063" classname="Realiza login, valida itens no carrinho, preenche checkout, finaliza compra e valida confirmação">
    </testcase>
  </testsuite>
</testsuites>